// Jest Snapshot v1, https://goo.gl/fbAQLP

exports[`provider list command lists both local and prebuilt providers with tabular output 1`] = `
"────────────────────────┬──────┬────────┬─────────────────────────┬────────────┐
───        ────          ──     ───      ───────────               ────
 Provider   Provider    │ CDKTF│ Constra│ Package Name            │ Package    │
Name       Version              nt                                 Version
────────────────────────┼──────┼────────┼─────────────────────────┼────────────┤
───        ────          ──     ───      ───────────               ────
 local      2.2.3       │      │ =2.2.3 │                         │            │

────────────────────────┼──────┼────────┼─────────────────────────┼────────────┤
───        ────          ──     ───      ───────────               ────
 random     3.1.3       │      │        │ com.hashicorp.cdktf-prov│ 0.2.55     │
                         ^0.10.3         der-random

────────────────────────┴──────┴────────┴─────────────────────────┴────────────┘
───        ────          ──     ───      ───────────               ────
"
`;
