// Jest Snapshot v1, https://goo.gl/fbAQLP

exports[`provider list command lists both local and prebuilt providers with tabular output 1`] = `
"─────────────────────┬─────────────────────────────────────────────────────────┐
─────     ──────      ──    ───     ─────────────────               ─────
 Provider  Provider  │ CDKTF Constra Package Name                    Package   │
Name      Version           nt                                      Version

─────────────────────┼─────────────────────────────────────────────────────────┤
─────     ──────      ──    ───     ─────────────────               ─────
 local     2.2.3     │       =2.2.3                                            │

─────────────────────┼─────────────────────────────────────────────────────────┤
─────     ──────      ──    ───     ─────────────────               ─────
 random    3.4.3     │               github.com/cdktf/cdktf-provider 3.0.11    │
                      ^0.13.        random-go/random
─────────────────────┴─────────────────────────────────────────────────────────┘
─────     ──────      ──    ───     ─────────────────               ─────
"
`;
